// Jest Snapshot v1, https://goo.gl/fbAQLP

exports[`OnboardginComponent should render correctly 1`] = `
<View
  className="sc-dlfnuX sc-hKgJUU euTbpO iRiBIE"
>
  <View
    style={
      Array [
        Object {
          "borderRadius": 3,
          "overflow": "hidden",
        },
        Object {
          "borderRadius": 3,
        },
        Object {
          "alignSelf": "flex-start",
          "marginTop": 25,
        },
        false,
      ]
    }
  >
    <View
      accessibilityRole="button"
      accessibilityState={
        Object {
          "busy": false,
          "disabled": false,
        }
      }
      accessible={true}
      focusable={true}
      onClick={[Function]}
      onResponderGrant={[Function]}
      onResponderMove={[Function]}
      onResponderRelease={[Function]}
      onResponderTerminate={[Function]}
      onResponderTerminationRequest={[Function]}
      onStartShouldSetResponder={[Function]}
      style={
        Object {
          "opacity": 1,
        }
      }
    >
      <View
        style={
          Object {
            "alignItems": "center",
            "backgroundColor": "transparent",
            "borderColor": "#2089dc",
            "borderRadius": 3,
            "borderWidth": 0,
            "flexDirection": "row",
            "justifyContent": "flex-start",
            "marginLeft": 18,
            "padding": 8,
          }
        }
      >
        <View
          style={
            Object {
              "marginHorizontal": 5,
              "overflow": "hidden",
            }
          }
        >
          <View>
            <View
              style={
                Object {
                  "alignItems": "center",
                  "backgroundColor": "transparent",
                  "justifyContent": "center",
                }
              }
            >
              <Text
                allowFontScaling={false}
                style={
                  Array [
                    Object {
                      "color": "#00b0ff",
                      "fontSize": 20,
                    },
                    Object {
                      "backgroundColor": "transparent",
                    },
                    Object {
                      "fontFamily": "Material Icons",
                      "fontStyle": "normal",
                      "fontWeight": "normal",
                    },
                    Object {},
                  ]
                }
                testID="iconIcon"
              >
                
              </Text>
            </View>
          </View>
        </View>
        <Text
          style={
            Object {
              "color": "#00b0ff",
              "fontFamily": "SourceSansPro",
              "fontSize": 14,
              "paddingVertical": 1,
              "textAlign": "center",
            }
          }
        >
          Volver
        </Text>
      </View>
    </View>
  </View>
  <Text
    className="sc-jSgvzq cHdwbB"
  >
    Recuperar acceso
  </Text>
  <Text
    className="sc-gKseQn gNShDS"
  >
    Para volver a acceder a tu aplicación debes introduccir tu frase de seguridad y crear un pin de acceso nuevo. 
  </Text>
  <View
    className="sc-iBPTik gURcWP"
  >
    <TextInput
      allowFontScaling={true}
      className="sc-fubCzh bKmelu"
      multiline={true}
      onChangeText={[Function]}
      placeholder="Frase de Seguridad"
      placeholderTextColor="rgba(60, 60, 67, 0.29)"
      rejectResponderTermination={true}
      selectionColor="#00b0ff"
      underlineColorAndroid="transparent"
      value=""
    />
    <View
      style={
        Object {
          "paddingHorizontal": 10,
          "width": "100%",
        }
      }
    >
      <View
        style={
          Object {
            "alignItems": "center",
            "borderBottomWidth": 1,
            "borderColor": "#86939e",
            "flexDirection": "row",
            "transform": Array [
              Object {
                "translateX": 0,
              },
            ],
          }
        }
      >
        <TextInput
          allowFontScaling={true}
          className="sc-pGacB"
          editable={true}
          keyboardType="decimal-pad"
          onChangeText={[Function]}
          placeholder="Nuevo Pin"
          placeholderTextColor="#86939e"
          rejectResponderTermination={true}
          selectionColor="#00b0ff"
          style={
            Object {
              "color": "#242424",
              "flex": 1,
              "fontSize": 18,
              "minHeight": 40,
            }
          }
          testID="RNE__Input__text-input"
          underlineColorAndroid="transparent"
          value=""
        />
      </View>
      <Text
        style={
          Object {
            "color": "#EE3F61",
            "fontSize": 12,
            "margin": 5,
          }
        }
      />
    </View>
    <View
      style={
        Object {
          "paddingHorizontal": 10,
          "width": "100%",
        }
      }
    >
      <View
        style={
          Object {
            "alignItems": "center",
            "borderBottomWidth": 1,
            "borderColor": "#86939e",
            "flexDirection": "row",
            "transform": Array [
              Object {
                "translateX": 0,
              },
            ],
          }
        }
      >
        <TextInput
          allowFontScaling={true}
          className="sc-pGacB"
          editable={true}
          keyboardType="decimal-pad"
          onChangeText={[Function]}
          placeholder="Repetir Pin"
          placeholderTextColor="#86939e"
          rejectResponderTermination={true}
          selectionColor="#00b0ff"
          style={
            Object {
              "color": "#242424",
              "flex": 1,
              "fontSize": 18,
              "minHeight": 40,
            }
          }
          testID="RNE__Input__text-input"
          underlineColorAndroid="transparent"
          value=""
        />
      </View>
      <Text
        style={
          Object {
            "color": "#EE3F61",
            "fontSize": 12,
            "margin": 5,
          }
        }
      >
        
      </Text>
    </View>
  </View>
  <View
    className="sc-jrAFXE bGAxgA"
  >
    <View
      style={
        Object {
          "alignItems": "center",
          "justifyContent": "flex-end",
        }
      }
    >
      <View
        accessible={true}
        focusable={true}
        onClick={[Function]}
        onResponderGrant={[Function]}
        onResponderMove={[Function]}
        onResponderRelease={[Function]}
        onResponderTerminate={[Function]}
        onResponderTerminationRequest={[Function]}
        onStartShouldSetResponder={[Function]}
        style={
          Object {
            "alignItems": "center",
            "backgroundColor": "#CCCCCC",
            "borderRadius": 45,
            "height": 39,
            "justifyContent": "center",
            "width": 224,
          }
        }
      >
        <Text
          style={
            Object {
              "color": "#ffffff",
              "fontSize": 16,
            }
          }
        >
          Recuperar
        </Text>
      </View>
    </View>
  </View>
  <View
    style={
      Object {
        "left": 0,
        "opacity": 0,
        "position": "absolute",
        "right": 0,
        "top": 0,
        "transform": Array [
          Object {
            "translateY": -48,
          },
        ],
        "zIndex": 99,
      }
    }
  />
</View>
`;
